2025-02-12 13:11:23 notebook-1  | [I 2025-02-12 10:11:23.698 ServerApp] jupyter_lsp | extension was successfully linked.
2025-02-12 13:11:22 db-1        | The files belonging to this database system will be owned by user "postgres".
2025-02-12 13:11:23 notebook-1  | [I 2025-02-12 10:11:23.703 ServerApp] jupyter_server_terminals | extension was successfully linked.
2025-02-12 13:11:23 notebook-1  | [I 2025-02-12 10:11:23.708 ServerApp] jupyterlab | extension was successfully linked.
2025-02-12 13:11:23 notebook-1  | [I 2025-02-12 10:11:23.713 ServerApp] notebook | extension was successfully linked.
2025-02-12 13:11:23 notebook-1  | [I 2025-02-12 10:11:23.714 ServerApp] Writing Jupyter server cookie secret to /root/.local/share/jupyter/runtime/jupyter_cookie_secret
2025-02-12 13:11:22 db-1        | This user must also own the server process.
2025-02-12 13:11:24 notebook-1  | [I 2025-02-12 10:11:24.071 ServerApp] notebook_shim | extension was successfully linked.
2025-02-12 13:11:22 db-1        | 
2025-02-12 13:11:24 notebook-1  | [I 2025-02-12 10:11:24.096 ServerApp] notebook_shim | extension was successfully loaded.
2025-02-12 13:11:24 notebook-1  | [I 2025-02-12 10:11:24.098 ServerApp] jupyter_lsp | extension was successfully loaded.
2025-02-12 13:11:24 notebook-1  | [I 2025-02-12 10:11:24.099 ServerApp] jupyter_server_terminals | extension was successfully loaded.
2025-02-12 13:11:24 notebook-1  | [I 2025-02-12 10:11:24.103 LabApp] JupyterLab extension loaded from /usr/local/lib/python3.9/site-packages/jupyterlab
2025-02-12 13:11:24 notebook-1  | [I 2025-02-12 10:11:24.103 LabApp] JupyterLab application directory is /usr/local/share/jupyter/lab
2025-02-12 13:11:22 db-1        | The database cluster will be initialized with locale "en_US.utf8".
2025-02-12 13:11:24 notebook-1  | [I 2025-02-12 10:11:24.103 LabApp] Extension Manager is 'pypi'.
2025-02-12 13:11:24 notebook-1  | [I 2025-02-12 10:11:24.163 ServerApp] jupyterlab | extension was successfully loaded.
2025-02-12 13:11:24 notebook-1  | [I 2025-02-12 10:11:24.168 ServerApp] notebook | extension was successfully loaded.
2025-02-12 13:11:22 db-1        | The default database encoding has accordingly been set to "UTF8".
2025-02-12 13:11:22 db-1        | The default text search configuration will be set to "english".
2025-02-12 13:11:24 notebook-1  | [I 2025-02-12 10:11:24.168 ServerApp] Serving notebooks from local directory: /app
2025-02-12 13:11:22 db-1        | 
2025-02-12 13:11:24 notebook-1  | [I 2025-02-12 10:11:24.168 ServerApp] Jupyter Server 2.15.0 is running at:
2025-02-12 13:11:22 db-1        | Data page checksums are disabled.
2025-02-12 13:11:24 notebook-1  | [I 2025-02-12 10:11:24.168 ServerApp] http://6352dc39c686:8888/tree?token=9b4db75f327b0deccd9778b22ceff185ff8a11ac81b76cb6
2025-02-12 13:11:24 notebook-1  | [I 2025-02-12 10:11:24.169 ServerApp]     http://127.0.0.1:8888/tree?token=9b4db75f327b0deccd9778b22ceff185ff8a11ac81b76cb6
2025-02-12 13:11:22 db-1        | 
2025-02-12 13:11:24 notebook-1  | [I 2025-02-12 10:11:24.169 ServerApp] Use Control-C to stop this server and shut down all kernels (twice to skip confirmation).
2025-02-12 13:11:22 db-1        | fixing permissions on existing directory /var/lib/postgresql/data ... ok
2025-02-12 13:11:22 db-1        | creating subdirectories ... ok
2025-02-12 13:11:24 notebook-1  | [C 2025-02-12 10:11:24.172 ServerApp] 
2025-02-12 13:11:22 db-1        | selecting dynamic shared memory implementation ... posix
2025-02-12 13:11:22 db-1        | selecting default max_connections ... 100
2025-02-12 13:11:24 notebook-1  |     
2025-02-12 13:11:22 db-1        | selecting default shared_buffers ... 128MB
2025-02-12 13:11:22 db-1        | selecting default time zone ... Etc/UTC
2025-02-12 13:11:24 notebook-1  |     To access the server, open this file in a browser:
2025-02-12 13:11:22 db-1        | creating configuration files ... ok
2025-02-12 13:11:24 notebook-1  |         file:///root/.local/share/jupyter/runtime/jpserver-1-open.html
2025-02-12 13:11:22 db-1        | running bootstrap script ... ok
2025-02-12 13:11:24 notebook-1  |     Or copy and paste one of these URLs:
2025-02-12 13:11:24 notebook-1  |         http://6352dc39c686:8888/tree?token=9b4db75f327b0deccd9778b22ceff185ff8a11ac81b76cb6
2025-02-12 13:11:22 db-1        | performing post-bootstrap initialization ... ok
2025-02-12 13:11:23 db-1        | syncing data to disk ... ok
2025-02-12 13:11:24 notebook-1  |         http://127.0.0.1:8888/tree?token=9b4db75f327b0deccd9778b22ceff185ff8a11ac81b76cb6
2025-02-12 13:11:23 db-1        | initdb: warning: enabling "trust" authentication for local connections
2025-02-12 13:11:23 db-1        | You can change this by editing pg_hba.conf or using the option -A, or
2025-02-12 13:11:23 db-1        | --auth-local and --auth-host, the next time you run initdb.
2025-02-12 13:11:23 db-1        | 
2025-02-12 13:11:23 db-1        | 
2025-02-12 13:11:24 notebook-1  | [I 2025-02-12 10:11:24.188 ServerApp] Skipped non-installed server(s): bash-language-server, dockerfile-language-server-nodejs, javascript-typescript-langserver, jedi-language-server, julia-language-server, pyright, python-language-server, python-lsp-server, r-languageserver, sql-language-server, texlab, typescript-language-server, unified-language-server, vscode-css-languageserver-bin, vscode-html-languageserver-bin, vscode-json-languageserver-bin, yaml-language-server
2025-02-12 13:11:23 db-1        | Success. You can now start the database server using:
2025-02-12 13:11:23 db-1        | 
2025-02-12 13:11:23 db-1        |     pg_ctl -D /var/lib/postgresql/data -l logfile start
2025-02-12 13:11:23 db-1        | 
2025-02-12 13:11:23 db-1        | waiting for server to start....2025-02-12 10:11:23.073 UTC [48] LOG:  starting PostgreSQL 13.18 (Debian 13.18-1.pgdg120+1) on x86_64-pc-linux-gnu, compiled by gcc (Debian 12.2.0-14) 12.2.0, 64-bit
2025-02-12 13:11:23 db-1        | 2025-02-12 10:11:23.075 UTC [48] LOG:  listening on Unix socket "/var/run/postgresql/.s.PGSQL.5432"
2025-02-12 13:11:23 db-1        | 2025-02-12 10:11:23.082 UTC [49] LOG:  database system was shut down at 2025-02-12 10:11:22 UTC
2025-02-12 13:11:23 db-1        | 2025-02-12 10:11:23.087 UTC [48] LOG:  database system is ready to accept connections
2025-02-12 13:11:23 db-1        |  done
2025-02-12 13:11:23 db-1        | server started
2025-02-12 13:11:23 db-1        | CREATE DATABASE
2025-02-12 13:11:23 db-1        | 
2025-02-12 13:11:23 db-1        | 
2025-02-12 13:11:23 db-1        | /usr/local/bin/docker-entrypoint.sh: ignoring /docker-entrypoint-initdb.d/*
2025-02-12 13:11:23 db-1        | 
2025-02-12 13:11:23 db-1        | waiting for server to shut down...2025-02-12 10:11:23.336 UTC [48] LOG:  received fast shutdown request
2025-02-12 13:11:23 db-1        | .2025-02-12 10:11:23.338 UTC [48] LOG:  aborting any active transactions
2025-02-12 13:11:23 db-1        | 2025-02-12 10:11:23.340 UTC [48] LOG:  background worker "logical replication launcher" (PID 55) exited with exit code 1
2025-02-12 13:11:23 db-1        | 2025-02-12 10:11:23.340 UTC [50] LOG:  shutting down
2025-02-12 13:11:23 db-1        | 2025-02-12 10:11:23.356 UTC [48] LOG:  database system is shut down
2025-02-12 13:11:23 db-1        |  done
2025-02-12 13:11:23 db-1        | server stopped
2025-02-12 13:11:23 db-1        | 
2025-02-12 13:11:23 db-1        | PostgreSQL init process complete; ready for start up.
2025-02-12 13:11:23 db-1        | 
2025-02-12 13:11:23 db-1        | 2025-02-12 10:11:23.455 UTC [1] LOG:  starting PostgreSQL 13.18 (Debian 13.18-1.pgdg120+1) on x86_64-pc-linux-gnu, compiled by gcc (Debian 12.2.0-14) 12.2.0, 64-bit
2025-02-12 13:11:23 db-1        | 2025-02-12 10:11:23.455 UTC [1] LOG:  listening on IPv4 address "0.0.0.0", port 5432
2025-02-12 13:11:23 db-1        | 2025-02-12 10:11:23.456 UTC [1] LOG:  listening on IPv6 address "::", port 5432
2025-02-12 13:11:23 db-1        | 2025-02-12 10:11:23.461 UTC [1] LOG:  listening on Unix socket "/var/run/postgresql/.s.PGSQL.5432"
2025-02-12 13:11:23 db-1        | 2025-02-12 10:11:23.467 UTC [63] LOG:  database system was shut down at 2025-02-12 10:11:23 UTC
2025-02-12 13:11:23 db-1        | 2025-02-12 10:11:23.472 UTC [1] LOG:  database system is ready to accept connections